C:\Program Files\Microsoft Visual Studio\2022\Community\MSBuild\Microsoft\VC\v170\Microsoft.CppBuild.targets(517,5): warning MSB8004: Output Directory does not end with a trailing slash.  This build instance will add the slash as it is required to allow proper evaluation of the Output Directory.
  Enemy.cpp
  Event.cpp
  gameobject.cpp
  gamestate.cpp
C:\Users\Anastasia\Desktop\uni\2nd year\3rd semester\C++\final project\aristourgima swsto final\FINAL_C++_PI\aristourgima\pi52\ver81\start over1\right\Stage4\box.h(42,35): warning C4244: 'return': conversion from 'double' to 'float', possible loss of data
  (compiling source file 'gamestate.cpp')
  
C:\Users\Anastasia\Desktop\uni\2nd year\3rd semester\C++\final project\aristourgima swsto final\FINAL_C++_PI\aristourgima\pi52\ver81\start over1\right\Stage4\SecondLevel.h(9,28): warning C4584: 'SecondLevel': base-class 'GameObject' is already a base-class of 'Level'
  (compiling source file 'gamestate.cpp')
  C:\Users\Anastasia\Desktop\uni\2nd year\3rd semester\C++\final project\aristourgima swsto final\FINAL_C++_PI\aristourgima\pi52\ver81\start over1\right\Stage4\gameobject.h(15,7):
  see declaration of 'GameObject'
  C:\Users\Anastasia\Desktop\uni\2nd year\3rd semester\C++\final project\aristourgima swsto final\FINAL_C++_PI\aristourgima\pi52\ver81\start over1\right\Stage4\level.h(13,7):
  see declaration of 'Level'
  
  level.cpp
C:\Users\Anastasia\Desktop\uni\2nd year\3rd semester\C++\final project\aristourgima swsto final\FINAL_C++_PI\aristourgima\pi52\ver81\start over1\right\Stage4\box.h(42,35): warning C4244: 'return': conversion from 'double' to 'float', possible loss of data
  (compiling source file 'level.cpp')
  
C:\Users\Anastasia\Desktop\uni\2nd year\3rd semester\C++\final project\aristourgima swsto final\FINAL_C++_PI\aristourgima\pi52\ver81\start over1\right\Stage4\level.cpp(266,33): warning C4244: 'argument': conversion from 'int' to 'float', possible loss of data
C:\Users\Anastasia\Desktop\uni\2nd year\3rd semester\C++\final project\aristourgima swsto final\FINAL_C++_PI\aristourgima\pi52\ver81\start over1\right\Stage4\level.cpp(266,27): warning C4244: 'argument': conversion from 'int' to 'float', possible loss of data
C:\Users\Anastasia\Desktop\uni\2nd year\3rd semester\C++\final project\aristourgima swsto final\FINAL_C++_PI\aristourgima\pi52\ver81\start over1\right\Stage4\level.cpp(271,32): warning C4244: 'argument': conversion from 'int' to 'float', possible loss of data
C:\Users\Anastasia\Desktop\uni\2nd year\3rd semester\C++\final project\aristourgima swsto final\FINAL_C++_PI\aristourgima\pi52\ver81\start over1\right\Stage4\level.cpp(271,26): warning C4244: 'argument': conversion from 'int' to 'float', possible loss of data
C:\Users\Anastasia\Desktop\uni\2nd year\3rd semester\C++\final project\aristourgima swsto final\FINAL_C++_PI\aristourgima\pi52\ver81\start over1\right\Stage4\level.cpp(280,43): warning C4244: 'argument': conversion from 'int' to 'float', possible loss of data
C:\Users\Anastasia\Desktop\uni\2nd year\3rd semester\C++\final project\aristourgima swsto final\FINAL_C++_PI\aristourgima\pi52\ver81\start over1\right\Stage4\level.cpp(280,36): warning C4244: 'argument': conversion from 'int' to 'float', possible loss of data
C:\Users\Anastasia\Desktop\uni\2nd year\3rd semester\C++\final project\aristourgima swsto final\FINAL_C++_PI\aristourgima\pi52\ver81\start over1\right\Stage4\level.cpp(288,43): warning C4244: 'argument': conversion from 'int' to 'float', possible loss of data
C:\Users\Anastasia\Desktop\uni\2nd year\3rd semester\C++\final project\aristourgima swsto final\FINAL_C++_PI\aristourgima\pi52\ver81\start over1\right\Stage4\level.cpp(288,36): warning C4244: 'argument': conversion from 'int' to 'float', possible loss of data
C:\Users\Anastasia\Desktop\uni\2nd year\3rd semester\C++\final project\aristourgima swsto final\FINAL_C++_PI\aristourgima\pi52\ver81\start over1\right\Stage4\level.cpp(296,43): warning C4244: 'argument': conversion from 'int' to 'float', possible loss of data
C:\Users\Anastasia\Desktop\uni\2nd year\3rd semester\C++\final project\aristourgima swsto final\FINAL_C++_PI\aristourgima\pi52\ver81\start over1\right\Stage4\level.cpp(296,36): warning C4244: 'argument': conversion from 'int' to 'float', possible loss of data
  main.cpp
  player.cpp
C:\Users\Anastasia\Desktop\uni\2nd year\3rd semester\C++\final project\aristourgima swsto final\FINAL_C++_PI\aristourgima\pi52\ver81\start over1\right\Stage4\box.h(42,35): warning C4244: 'return': conversion from 'double' to 'float', possible loss of data
  (compiling source file 'player.cpp')
  
  Generating Code...
sggd.lib(graphics.obj) : warning LNK4099: PDB '' was not found with 'sggd.lib(graphics.obj)' or at ''; linking object as if no debug info
sggd.lib(GLbackend.obj) : warning LNK4099: PDB '' was not found with 'sggd.lib(GLbackend.obj)' or at ''; linking object as if no debug info
sggd.lib(shader.obj) : warning LNK4099: PDB '' was not found with 'sggd.lib(shader.obj)' or at ''; linking object as if no debug info
sggd.lib(fonts.obj) : warning LNK4099: PDB '' was not found with 'sggd.lib(fonts.obj)' or at ''; linking object as if no debug info
sggd.lib(texture.obj) : warning LNK4099: PDB '' was not found with 'sggd.lib(texture.obj)' or at ''; linking object as if no debug info
sggd.lib(AudioManager.obj) : warning LNK4099: PDB '' was not found with 'sggd.lib(AudioManager.obj)' or at ''; linking object as if no debug info
sggd.lib(lodepng.obj) : warning LNK4099: PDB '' was not found with 'sggd.lib(lodepng.obj)' or at ''; linking object as if no debug info
  Stage4.vcxproj -> C:\Users\Anastasia\Desktop\uni\2nd year\3rd semester\C++\final project\aristourgima swsto final\FINAL_C++_PI\aristourgima\pi52\ver81\start over1\right\bin\Stage4d.exe
